[rn53themes.net/themes/demo/travelz/index.html]
[backblue.gif]
[fade.gif]
[index.html]
[rn53themes.net/themes/demo/travelz/demo/fav.ico]
[rn53themes.net/themes/demo/travelz/demo/logo.png]
[rn53themes.net/themes/demo/travelz/main.html]
[rn53themes.net/themes/demo/travelz/demo/1.jpg]
[rn53themes.net/themes/demo/travelz/dashboard.html]
[rn53themes.net/themes/demo/travelz/demo/2.jpg]
[rn53themes.net/themes/demo/travelz/admin/login.html]
[rn53themes.net/themes/demo/travelz/demo/13.jpg]
[rn53themes.net/themes/demo/travelz/booking-flight.html]
[rn53themes.net/themes/demo/travelz/demo/3.jpg]
[rn53themes.net/themes/demo/travelz/booking-tour-package.html]
[rn53themes.net/themes/demo/travelz/demo/4.jpg]
[rn53themes.net/themes/demo/travelz/booking-hotel.html]
[rn53themes.net/themes/demo/travelz/demo/5.jpg]
[rn53themes.net/themes/demo/travelz/booking-car-rentals.html]
[rn53themes.net/themes/demo/travelz/demo/6.jpg]
[rn53themes.net/themes/demo/travelz/demo/7.jpg]
[rn53themes.net/themes/demo/travelz/booking-slider.html]
[rn53themes.net/themes/demo/travelz/demo/8.jpg]
[rn53themes.net/themes/demo/travelz/all-package.html]
[rn53themes.net/themes/demo/travelz/demo/9.jpg]
[rn53themes.net/themes/demo/travelz/tour-details.html]
[rn53themes.net/themes/demo/travelz/demo/10.jpg]
[rn53themes.net/themes/demo/travelz/hotels-list.html]
[rn53themes.net/themes/demo/travelz/demo/11.jpg]
[rn53themes.net/themes/demo/travelz/hotel-detail.19.delayed]
[rn53themes.net/themes/demo/travelz/demo/12.jpg]
[rn53themes.net/themes/demo/travelz/booking-all.html]
[rn53themes.net/themes/demo/travelz/family-package.html]
[rn53themes.net/themes/demo/travelz/honeymoon-package.html]
[rn53themes.net/themes/demo/travelz/group-package.html]
[rn53themes.net/themes/demo/travelz/weekend-package.html]
[rn53themes.net/themes/demo/travelz/regular-package.html]
[rn53themes.net/themes/demo/travelz/custom-package.html]
[rn53themes.net/themes/demo/travelz/places.html]
[rn53themes.net/themes/demo/travelz/places-1.html]
[rn53themes.net/themes/demo/travelz/places-2.html]
[rn53themes.net/themes/demo/travelz/db-my-profile.html]
[rn53themes.net/themes/demo/travelz/db-my-profile-edit.html]
[rn53themes.net/themes/demo/travelz/db-travel-booking.html]
[rn53themes.net/themes/demo/travelz/db-hotel-booking.html]
[rn53themes.net/themes/demo/travelz/db-event-booking.html]
[rn53themes.net/themes/demo/travelz/db-payment.html]
[rn53themes.net/themes/demo/travelz/db-refund.html]
[rn53themes.net/themes/demo/travelz/db-all-payment.html]
[rn53themes.net/themes/demo/travelz/db-event-details.html]
[rn53themes.net/themes/demo/travelz/db-hotel-details.html]
[rn53themes.net/themes/demo/travelz/db-travel-details.html]
[rn53themes.net/themes/demo/travelz/hotel-details.html]
[rn53themes.net/themes/demo/travelz/booking.html]
[rn53themes.net/themes/demo/travelz/login.html]
[rn53themes.net/themes/demo/travelz/forgot-pass.34.delayed]
[rn53themes.net/themes/demo/travelz/about.html]
[rn53themes.net/themes/demo/travelz/testimonials.html]
[rn53themes.net/themes/demo/travelz/events.html]
[rn53themes.net/themes/demo/travelz/blog.html]
[rn53themes.net/themes/demo/travelz/tips.html]
[rn53themes.net/themes/demo/travelz/price-list.html]
[rn53themes.net/themes/demo/travelz/discount.html]
[rn53themes.net/themes/demo/travelz/faq.html]
[rn53themes.net/themes/demo/travelz/sitemap.html]
[rn53themes.net/themes/demo/travelz/404.html]
[rn53themes.net/themes/demo/travelz/index.html]
[rn53themes.net/themes/demo/travelz/images/fav.ico]
[rn53themes.net/themes/demo/travelz/images/logo.png]
[rn53themes.net/themes/demo/travelz/forgot-pass-2.html]
[rn53themes.net/themes/demo/travelz/images/sight/5.jpg]
[rn53themes.net/themes/demo/travelz/images/sight/1.jpg]
[rn53themes.net/themes/demo/travelz/images/sight/2.jpg]
[rn53themes.net/themes/demo/travelz/images/sight/3.jpg]
[rn53themes.net/themes/demo/travelz/places-3.4d.delayed]
[rn53themes.net/themes/demo/travelz/images/sight/4.jpg]
[rn53themes.net/themes/demo/travelz/images/icon/2.png]
[rn53themes.net/themes/demo/travelz/images/icon/31.png]
[rn53themes.net/themes/demo/travelz/images/icon/30.png]
[rn53themes.net/themes/demo/travelz/images/icon/1.png]
[rn53themes.net/themes/demo/travelz/images/band.png]
[rn53themes.net/themes/demo/travelz/images/t5.png]
[rn53themes.net/themes/demo/travelz/images/clock.png]
[rn53themes.net/themes/demo/travelz/images/info.png]
[rn53themes.net/themes/demo/travelz/images/price.png]
[rn53themes.net/themes/demo/travelz/images/map.png]
[rn53themes.net/themes/demo/travelz/images/band1.png]
[rn53themes.net/themes/demo/travelz/images/t1.png]
[rn53themes.net/themes/demo/travelz/images/t2.png]
[rn53themes.net/themes/demo/travelz/images/t3.png]
[rn53themes.net/themes/demo/travelz/images/t4.png]
[rn53themes.net/themes/demo/travelz/images/t6.png]
[rn53themes.net/themes/demo/travelz/images/listing/home.jpg]
[rn53themes.net/themes/demo/travelz/images/listing/home3.jpg]
[rn53themes.net/themes/demo/travelz/images/listing/home2.jpg]
[rn53themes.net/themes/demo/travelz/images/listing/home1.jpg]
[rn53themes.net/themes/demo/travelz/images/listing/home4.jpg]
[rn53themes.net/themes/demo/travelz/images/hci1.png]
[rn53themes.net/themes/demo/travelz/images/hotels/1.jpg]
[rn53themes.net/themes/demo/travelz/images/hotels/2.jpg]
[rn53themes.net/themes/demo/travelz/images/hotels/3.jpg]
[rn53themes.net/themes/demo/travelz/images/icon/dis1.png]
[rn53themes.net/themes/demo/travelz/images/icon/dis2.png]
[rn53themes.net/themes/demo/travelz/images/icon/dis3.png]
[rn53themes.net/themes/demo/travelz/images/icon/dis4.png]
[rn53themes.net/themes/demo/travelz/images/icon/dis5.png]
[rn53themes.net/themes/demo/travelz/images/iplace-1.jpg]
[rn53themes.net/themes/demo/travelz/images/iplace-2.jpg]
[rn53themes.net/themes/demo/travelz/images/iplace-3.jpg]
[rn53themes.net/themes/demo/travelz/images/iplace-4.jpg]
[rn53themes.net/themes/demo/travelz/images/iplace-5.jpg]
[rn53themes.net/themes/demo/travelz/images/iplace-6.jpg]
[rn53themes.net/themes/demo/travelz/images/iplace-7.jpg]
[rn53themes.net/themes/demo/travelz/images/iplace-8.jpg]
[rn53themes.net/themes/demo/travelz/images/iplace-9.jpg]
[rn53themes.net/themes/demo/travelz/images/place2.jpg]
[rn53themes.net/themes/demo/travelz/images/place1.jpg]
[rn53themes.net/themes/demo/travelz/images/place3.jpg]
[rn53themes.net/themes/demo/travelz/images/place4.jpg]
[rn53themes.net/themes/demo/travelz/images/hotels/4.jpg]
[rn53themes.net/themes/demo/travelz/images/hotels/8.jpg]
[rn53themes.net/themes/demo/travelz/images/trends/1.jpg]
[rn53themes.net/themes/demo/travelz/images/trends/2.jpg]
[rn53themes.net/themes/demo/travelz/images/trends/3.jpg]
[rn53themes.net/themes/demo/travelz/images/trends/4.jpg]
[rn53themes.net/themes/demo/travelz/images/reviewer/1.jpg]
[rn53themes.net/themes/demo/travelz/images/reviewer/2.png]
[rn53themes.net/themes/demo/travelz/images/reviewer/3.jpg]
[rn53themes.net/themes/demo/travelz/images/reviewer/4.jpg]
[rn53themes.net/themes/demo/travelz/images/reviewer/5.jpg]
[rn53themes.net/themes/demo/travelz/images/mobile.png]
[rn53themes.net/themes/demo/travelz/images/android.png]
[rn53themes.net/themes/demo/travelz/images/apple.png]
[rn53themes.net/themes/demo/travelz/images/Location-Manager.png]
[rn53themes.net/themes/demo/travelz/images/Private-Guide.png]
[rn53themes.net/themes/demo/travelz/images/Arrangements.png]
[rn53themes.net/themes/demo/travelz/images/Events-Activities.png]
[rn53themes.net/themes/demo/travelz/js/jquery-latest.min.js]
[rn53themes.net/themes/demo/travelz/js/bootstrap.js]
[rn53themes.net/themes/demo/travelz/js/wow.min.js]
[rn53themes.net/themes/demo/travelz/js/materialize.min.js]
[rn53themes.net/themes/demo/travelz/js/custom.js]
[rn53themes.net/themes/demo/travelz/main.html]
[rn53themes.net/themes/demo/travelz/images/db-profile.jpg]
[rn53themes.net/themes/demo/travelz/images/icon/dbl1.png]
[rn53themes.net/themes/demo/travelz/images/icon/dbl2.png]
[rn53themes.net/themes/demo/travelz/images/icon/dbl3.png]
[rn53themes.net/themes/demo/travelz/images/icon/dbl4.png]
[rn53themes.net/themes/demo/travelz/images/icon/dbl6.png]
[rn53themes.net/themes/demo/travelz/images/icon/dbl9.png]
[rn53themes.net/themes/demo/travelz/images/icon/dbl7.png]
[rn53themes.net/themes/demo/travelz/images/icon/db2.png]
[rn53themes.net/themes/demo/travelz/images/icon/db3.png]
[rn53themes.net/themes/demo/travelz/images/icon/db1.png]
[rn53themes.net/themes/demo/travelz/images/icon/dbr1.jpg]
[rn53themes.net/themes/demo/travelz/images/icon/dbr2.jpg]
[rn53themes.net/themes/demo/travelz/images/icon/dbr3.jpg]
[rn53themes.net/themes/demo/travelz/images/icon/dbr4.jpg]
[rn53themes.net/themes/demo/travelz/images/icon/dbr5.jpg]
[rn53themes.net/themes/demo/travelz/images/icon/dbr6.jpg]
[rn53themes.net/themes/demo/travelz/images/icon/dbr7.jpg]
[rn53themes.net/themes/demo/travelz/images/icon/dbr8.jpg]
[rn53themes.net/themes/demo/travelz/dashboard.html]
[rn53themes.net/themes/demo/travelz/admin/images/fav.ico]
[rn53themes.net/themes/demo/travelz/admin/images/logo.png]
[rn53themes.net/themes/demo/travelz/admin/index.html]
[rn53themes.net/themes/demo/travelz/admin/forgot.html]
[rn53themes.net/themes/demo/travelz/admin/js/jquery.min.js]
[rn53themes.net/themes/demo/travelz/admin/js/bootstrap.min.js]
[rn53themes.net/themes/demo/travelz/admin/js/materialize.min.js]
[rn53themes.net/themes/demo/travelz/admin/js/custom.js]
[rn53themes.net/themes/demo/travelz/admin/login.html]
[rn53themes.net/themes/demo/travelz/images/video.png]
[rn53themes.net/themes/demo/travelz/js/jquery-ui.js]
[rn53themes.net/themes/demo/travelz/js/mail.js]
[rn53themes.net/themes/demo/travelz/booking-flight.html]
[rn53themes.net/themes/demo/travelz/booking-tour-package.html]
[rn53themes.net/themes/demo/travelz/booking-hotel.html]
[rn53themes.net/themes/demo/travelz/booking-car-rentals.html]
[rn53themes.net/themes/demo/travelz/images/slider/1.jpg]
[rn53themes.net/themes/demo/travelz/images/slider/2.jpg]
[rn53themes.net/themes/demo/travelz/images/slider/3.jpg]
[rn53themes.net/themes/demo/travelz/images/slider/4.jpg]
[rn53themes.net/themes/demo/travelz/images/family.png]
[rn53themes.net/themes/demo/travelz/booking-slider.html]
[rn53themes.net/themes/demo/travelz/images/package/1.jpg]
[rn53themes.net/themes/demo/travelz/images/package/2.jpg]
[rn53themes.net/themes/demo/travelz/images/package/3.jpg]
[rn53themes.net/themes/demo/travelz/images/package/4.jpg]
[rn53themes.net/themes/demo/travelz/images/package/5.jpg]
[rn53themes.net/themes/demo/travelz/images/icon/a14.png]
[rn53themes.net/themes/demo/travelz/images/icon/a15.png]
[rn53themes.net/themes/demo/travelz/images/icon/a16.png]
[rn53themes.net/themes/demo/travelz/images/icon/a17.png]
[rn53themes.net/themes/demo/travelz/images/icon/a18.png]
[rn53themes.net/themes/demo/travelz/images/icon/a19.png]
[rn53themes.net/themes/demo/travelz/images/package/6.jpg]
[rn53themes.net/themes/demo/travelz/images/package/7.jpg]
[rn53themes.net/themes/demo/travelz/all-package.html]
[rn53themes.net/themes/demo/travelz/images/gallery/t1.jpg]
[rn53themes.net/themes/demo/travelz/images/gallery/t2.jpg]
[rn53themes.net/themes/demo/travelz/images/gallery/t3.jpg]
[rn53themes.net/themes/demo/travelz/images/gallery/t4.jpg]
[rn53themes.net/themes/demo/travelz/images/gallery/t5.jpg]
[rn53themes.net/themes/demo/travelz/images/gallery/s6.jpg]
[rn53themes.net/themes/demo/travelz/images/gallery/s7.jpg]
[rn53themes.net/themes/demo/travelz/images/gallery/s8.jpg]
[rn53themes.net/themes/demo/travelz/images/gallery/s9.jpg]
[rn53themes.net/themes/demo/travelz/images/gallery/t6.jpg]
[rn53themes.net/themes/demo/travelz/images/gallery/t7.jpg]
[rn53themes.net/themes/demo/travelz/images/gallery/t8.jpg]
[rn53themes.net/themes/demo/travelz/images/gallery/t9.jpg]
[rn53themes.net/themes/demo/travelz/images/offer.png]
[rn53themes.net/themes/demo/travelz/images/related1.png]
[rn53themes.net/themes/demo/travelz/images/related2.png]
[rn53themes.net/themes/demo/travelz/images/related3.png]
[rn53themes.net/themes/demo/travelz/tour-details.html]
[rn53themes.net/themes/demo/travelz/db-travel-hotel-details.d7.delayed]
[rn53themes.net/themes/demo/travelz/db-hotel-hotel-details.d8.delayed]
[rn53themes.net/themes/demo/travelz/db-event-hotel-details.d9.delayed]
[rn53themes.net/themes/demo/travelz/images/hotels/l1.jpg]
[rn53themes.net/themes/demo/travelz/images/hotels/l3.jpg]
[rn53themes.net/themes/demo/travelz/images/hotels/l4.jpg]
[rn53themes.net/themes/demo/travelz/images/hotels/l5.jpg]
[rn53themes.net/themes/demo/travelz/images/hotels/l6.jpg]
[rn53themes.net/themes/demo/travelz/images/hotels/l9.jpg]
[rn53themes.net/themes/demo/travelz/images/hotels/l8.jpg]
[rn53themes.net/themes/demo/travelz/hotels-list.html]
[rn53themes.net/themes/demo/travelz/hotel-detail.html]
[rn53themes.net/themes/demo/travelz/booking-all.html]
[rn53themes.net/themes/demo/travelz/family-package.html]
[rn53themes.net/themes/demo/travelz/honeymoon-package.html]
[rn53themes.net/themes/demo/travelz/group-package.html]
[rn53themes.net/themes/demo/travelz/weekend-package.html]
[rn53themes.net/themes/demo/travelz/regular-package.html]
[rn53themes.net/themes/demo/travelz/custom-package.html]
[rn53themes.net/themes/demo/travelz/places.html]
[rn53themes.net/themes/demo/travelz/places-1.html]
[rn53themes.net/themes/demo/travelz/places-2.html]
[rn53themes.net/themes/demo/travelz/db-my-profile.html]
[rn53themes.net/themes/demo/travelz/db-my-profile-edit.html]
[rn53themes.net/themes/demo/travelz/db-travel-booking.html]
[rn53themes.net/themes/demo/travelz/db-hotel-booking.html]
[rn53themes.net/themes/demo/travelz/db-event-booking.html]
[rn53themes.net/themes/demo/travelz/images/cards.png]
[rn53themes.net/themes/demo/travelz/db-payment.html]
[rn53themes.net/themes/demo/travelz/db-refund.html]
[rn53themes.net/themes/demo/travelz/db-all-payment.html]
[rn53themes.net/themes/demo/travelz/db-event-details.html]
[rn53themes.net/themes/demo/travelz/db-hotel-details.html]
[rn53themes.net/themes/demo/travelz/db-travel-details.html]
[rn53themes.net/themes/demo/travelz/images/gallery/s1.jpg]
[rn53themes.net/themes/demo/travelz/images/gallery/s2.jpg]
[rn53themes.net/themes/demo/travelz/images/gallery/s3.jpg]
[rn53themes.net/themes/demo/travelz/images/gallery/s4.jpg]
[rn53themes.net/themes/demo/travelz/images/gallery/s5.jpg]
[rn53themes.net/themes/demo/travelz/images/rooms/01.jpg]
[rn53themes.net/themes/demo/travelz/images/rooms/02.jpg]
[rn53themes.net/themes/demo/travelz/images/rooms/03.jpg]
[rn53themes.net/themes/demo/travelz/images/rooms/04.jpg]
[rn53themes.net/themes/demo/travelz/hotel-details.html]
[rn53themes.net/themes/demo/travelz/booking.html]
[rn53themes.net/themes/demo/travelz/login.html]
[rn53themes.net/themes/demo/travelz/forgot-pass.html]
[rn53themes.net/themes/demo/travelz/about.html]
[rn53themes.net/themes/demo/travelz/images/testi_img.png]
[rn53themes.net/themes/demo/travelz/testimonials.html]
[rn53themes.net/themes/demo/travelz/events.html]
[rn53themes.net/themes/demo/travelz/blog-inner.html]
[rn53themes.net/themes/demo/travelz/blog.html]
[rn53themes.net/themes/demo/travelz/tips.html]
[rn53themes.net/themes/demo/travelz/price-list.html]
[rn53themes.net/themes/demo/travelz/discount.html]
[rn53themes.net/themes/demo/travelz/faq.html]
[rn53themes.net/themes/demo/travelz/sitemap.html]
[rn53themes.net/themes/demo/travelz/404.html]
[rn53themes.net/themes/demo/travelz/fonts/fontawesome-webfont3e6e.eot]
[rn53themes.net/themes/demo/travelz/fonts/fontawesome-webfontd41d.eot]
[rn53themes.net/themes/demo/travelz/fonts/fontawesome-webfont3e6e.woff2]
[rn53themes.net/themes/demo/travelz/fonts/fontawesome-webfont3e6e.woff]
[rn53themes.net/themes/demo/travelz/fonts/fontawesome-webfont3e6e.ttf]
[rn53themes.net/themes/demo/travelz/css/font-awesome.min.css]
[rn53themes.net/themes/demo/travelz/images/bannerbg.jpg]
[rn53themes.net/themes/demo/travelz/images/banner.jpg]
[rn53themes.net/themes/demo/travelz/images/consul-bg.jpg]
[rn53themes.net/themes/demo/travelz/images/searchicon.png]
[rn53themes.net/themes/demo/travelz/images/cloud.png]
[rn53themes.net/themes/demo/travelz/images/tipsbg.jpg]
[rn53themes.net/themes/demo/travelz/images/tips1.png]
[rn53themes.net/themes/demo/travelz/images/tips2.png]
[rn53themes.net/themes/demo/travelz/images/tips3.png]
[rn53themes.net/themes/demo/travelz/images/f1.png]
[rn53themes.net/themes/demo/travelz/images/f2.png]
[rn53themes.net/themes/demo/travelz/images/list-p-bg.jpg]
[rn53themes.net/themes/demo/travelz/images/banner/1.jpg]
[rn53themes.net/themes/demo/travelz/images/banner/2.jpg]
[rn53themes.net/themes/demo/travelz/images/banner/3.jpg]
[rn53themes.net/themes/demo/travelz/images/banner/4.jpg]
[rn53themes.net/themes/demo/travelz/images/banner/5.jpg]
[rn53themes.net/themes/demo/travelz/images/flag.png]
[rn53themes.net/themes/demo/travelz/images/tick.png]
[rn53themes.net/themes/demo/travelz/images/umbrella.png]
[rn53themes.net/themes/demo/travelz/images/book-bg.png]
[rn53themes.net/themes/demo/travelz/images/preloader.gif]
[rn53themes.net/themes/demo/travelz/images/consul-bg-1.jpg]
[rn53themes.net/themes/demo/travelz/images/consul-bg-2.jpg]
[rn53themes.net/themes/demo/travelz/images/1.png]
[rn53themes.net/themes/demo/travelz/images/2.png]
[rn53themes.net/themes/demo/travelz/images/consul-bg-3.jpg]
[rn53themes.net/themes/demo/travelz/images/icon/search.png]
[rn53themes.net/themes/demo/travelz/images/icon/db-arrow.png]
[rn53themes.net/themes/demo/travelz/images/face.jpg]
[rn53themes.net/themes/demo/travelz/images/left-arrow.png]
[rn53themes.net/themes/demo/travelz/images/right-arrow.png]
[rn53themes.net/themes/demo/travelz/images/search-bg.png]
[rn53themes.net/themes/demo/travelz/images/search.114.delayed]
[rn53themes.net/themes/demo/travelz/images/login.115.delayed]
[rn53themes.net/themes/demo/travelz/images/pro-bg.116.delayed]
[rn53themes.net/themes/demo/travelz/images/mm-col-bg.117.delayed]
[rn53themes.net/themes/demo/travelz/images/bg.118.delayed]
[rn53themes.net/themes/demo/travelz/images/placebg.jpg]
[rn53themes.net/themes/demo/travelz/css/style.css]
[rn53themes.net/themes/demo/travelz/css/materialize.css]
[rn53themes.net/themes/demo/travelz/fonts/glyphicons-halflings-regular.11a.delayed]
[rn53themes.net/themes/demo/travelz/fonts/glyphicons-halflings-regular.11bd41d.delayed]
[rn53themes.net/themes/demo/travelz/fonts/glyphicons-halflings-regular.11c.delayed]
[rn53themes.net/themes/demo/travelz/fonts/glyphicons-halflings-regular.11d.delayed]
[rn53themes.net/themes/demo/travelz/fonts/glyphicons-halflings-regular.11e.delayed]
[rn53themes.net/themes/demo/travelz/fonts/glyphicons-halflings-regular.11f.delayed]
[rn53themes.net/themes/demo/travelz/css/bootstrap.css]
[rn53themes.net/themes/demo/travelz/images/home_left.jpg]
[rn53themes.net/themes/demo/travelz/css/mob.css]
[rn53themes.net/themes/demo/travelz/css/animate.css]
[rn53themes.net/themes/demo/travelz/forgot-pass-2.html]
[rn53themes.net/themes/demo/travelz/places-3.html]
[rn53themes.net/themes/demo/travelz/admin/fonts/fontawesome-webfont3e6e.eot]
[rn53themes.net/themes/demo/travelz/admin/fonts/fontawesome-webfontd41d.eot]
[rn53themes.net/themes/demo/travelz/admin/fonts/fontawesome-webfont3e6e.woff2]
[rn53themes.net/themes/demo/travelz/admin/fonts/fontawesome-webfont3e6e.woff]
[rn53themes.net/themes/demo/travelz/admin/fonts/fontawesome-webfont3e6e.ttf]
[rn53themes.net/themes/demo/travelz/admin/css/font-awesome.min.css]
[rn53themes.net/themes/demo/travelz/admin/fonts/micon.woff2]
[rn53themes.net/themes/demo/travelz/admin/images/bg.jpg]
[rn53themes.net/themes/demo/travelz/admin/images/bg/1.jpg]
[rn53themes.net/themes/demo/travelz/admin/images/bg/2.jpg]
[rn53themes.net/themes/demo/travelz/admin/images/bg/3.jpg]
[rn53themes.net/themes/demo/travelz/admin/images/bg/4.jpg]
[rn53themes.net/themes/demo/travelz/admin/css/style.css]
[rn53themes.net/themes/demo/travelz/admin/css/mob.css]
[rn53themes.net/themes/demo/travelz/admin/fonts/glyphicons-halflings-regular.12d.delayed]
[rn53themes.net/themes/demo/travelz/admin/fonts/glyphicons-halflings-regular.12ed41d.delayed]
[rn53themes.net/themes/demo/travelz/admin/fonts/glyphicons-halflings-regular.12f.delayed]
[rn53themes.net/themes/demo/travelz/admin/fonts/glyphicons-halflings-regular.130.delayed]
[rn53themes.net/themes/demo/travelz/admin/fonts/glyphicons-halflings-regular.131.delayed]
[rn53themes.net/themes/demo/travelz/admin/fonts/glyphicons-halflings-regular.132.delayed]
[rn53themes.net/themes/demo/travelz/admin/css/bootstrap.css]
[rn53themes.net/themes/demo/travelz/admin/css/materialize.css]
[rn53themes.net/themes/demo/travelz/admin/images/logo1.png]
[rn53themes.net/themes/demo/travelz/admin/images/user/6.png]
[rn53themes.net/themes/demo/travelz/admin/setting.html]
[rn53themes.net/themes/demo/travelz/admin/hotel-all.html]
[rn53themes.net/themes/demo/travelz/admin/package-all.html]
[rn53themes.net/themes/demo/travelz/admin/event-all.html]
[rn53themes.net/themes/demo/travelz/admin/offers.html]
[rn53themes.net/themes/demo/travelz/admin/user-add.html]
[rn53themes.net/themes/demo/travelz/admin/images/placeholder.jpg]
[rn53themes.net/themes/demo/travelz/admin/user-all.html]
[rn53themes.net/themes/demo/travelz/admin/package-add.html]
[rn53themes.net/themes/demo/travelz/admin/package-cat-all.html]
[rn53themes.net/themes/demo/travelz/admin/package-cat-add.html]
[rn53themes.net/themes/demo/travelz/admin/hotel-add.html]
[rn53themes.net/themes/demo/travelz/admin/hotel-room-type-all.html]
[rn53themes.net/themes/demo/travelz/admin/hotel-room-type-add.html]
[rn53themes.net/themes/demo/travelz/admin/sight-see-all.html]
[rn53themes.net/themes/demo/travelz/admin/sight-see-add.html]
[rn53themes.net/themes/demo/travelz/admin/event-add.html]
[rn53themes.net/themes/demo/travelz/admin/ui-form.html]
[rn53themes.net/themes/demo/travelz/admin/ui-kit.html]
[rn53themes.net/themes/demo/travelz/admin/ui-table.html]
[rn53themes.net/themes/demo/travelz/admin/ui-pre-load.html]
[rn53themes.net/themes/demo/travelz/admin/ui-tab.html]
[rn53themes.net/themes/demo/travelz/admin/ui-collapsible.html]
[rn53themes.net/themes/demo/travelz/admin/discount.html]
[rn53themes.net/themes/demo/travelz/admin/discount-add.html]
[rn53themes.net/themes/demo/travelz/admin/offers-add.html]
[rn53themes.net/themes/demo/travelz/admin/hotel-booking-all.html]
[rn53themes.net/themes/demo/travelz/admin/package-booking-all.html]
[rn53themes.net/themes/demo/travelz/admin/sight-see-booking-all.html]
[rn53themes.net/themes/demo/travelz/admin/event-booking-all.html]
[rn53themes.net/themes/demo/travelz/admin/blog-all.html]
[rn53themes.net/themes/demo/travelz/admin/blog-add.html]
[rn53themes.net/themes/demo/travelz/admin/social-media.html]
[rn53themes.net/themes/demo/travelz/admin/images/user/1.png]
[rn53themes.net/themes/demo/travelz/admin/images/user/2.png]
[rn53themes.net/themes/demo/travelz/admin/images/user/3.png]
[rn53themes.net/themes/demo/travelz/admin/images/user/4.png]
[rn53themes.net/themes/demo/travelz/admin/images/user/5.png]
[rn53themes.net/themes/demo/travelz/admin/images/listing/1.jpg]
[rn53themes.net/themes/demo/travelz/admin/images/listing/2.jpg]
[rn53themes.net/themes/demo/travelz/admin/images/listing/3.jpg]
[rn53themes.net/themes/demo/travelz/admin/images/listing/4.jpg]
[rn53themes.net/themes/demo/travelz/admin/images/listing/5.jpg]
[rn53themes.net/themes/demo/travelz/admin/images/sm/1.png]
[rn53themes.net/themes/demo/travelz/admin/images/sm/2.png]
[rn53themes.net/themes/demo/travelz/admin/images/sm/3.png]
[rn53themes.net/themes/demo/travelz/admin/images/sm/4.png]
[rn53themes.net/themes/demo/travelz/admin/images/sm/5.png]
[rn53themes.net/themes/demo/travelz/admin/images/sm/6.png]
[rn53themes.net/themes/demo/travelz/admin/images/sm/7.png]
[rn53themes.net/themes/demo/travelz/admin/index.html]
[rn53themes.net/themes/demo/travelz/admin/forgot.html]
[rn53themes.net/themes/demo/travelz/db-travel-hotel-details.html]
[rn53themes.net/themes/demo/travelz/db-hotel-hotel-details.html]
[rn53themes.net/themes/demo/travelz/db-event-hotel-details.html]
[rn53themes.net/themes/demo/travelz/blog-inner.html]
[rn53themes.net/themes/demo/travelz/fonts/fontawesome-webfont3e6e.svg]
[rn53themes.net/themes/demo/travelz/images/search.html]
[rn53themes.net/themes/demo/travelz/images/login.html]
[rn53themes.net/themes/demo/travelz/images/pro-bg.html]
[rn53themes.net/themes/demo/travelz/images/mm-col-bg.html]
[rn53themes.net/themes/demo/travelz/images/bg.html]
[rn53themes.net/themes/demo/travelz/fonts/glyphicons-halflings-regular.html]
[rn53themes.net/themes/demo/travelz/fonts/glyphicons-halflings-regulard41d.html]
[rn53themes.net/themes/demo/travelz/fonts/glyphicons-halflings-regular-2.html]
[rn53themes.net/themes/demo/travelz/fonts/glyphicons-halflings-regular-3.html]
[rn53themes.net/themes/demo/travelz/fonts/glyphicons-halflings-regular-4.html]
[rn53themes.net/themes/demo/travelz/fonts/glyphicons-halflings-regular-5.html]
[rn53themes.net/themes/demo/travelz/admin/fonts/fontawesome-webfont3e6e.svg]
[rn53themes.net/themes/demo/travelz/admin/fonts/glyphicons-halflings-regular.html]
[rn53themes.net/themes/demo/travelz/admin/fonts/glyphicons-halflings-regulard41d.html]
[rn53themes.net/themes/demo/travelz/admin/fonts/glyphicons-halflings-regular-2.html]
[rn53themes.net/themes/demo/travelz/admin/fonts/glyphicons-halflings-regular-3.html]
[rn53themes.net/themes/demo/travelz/admin/fonts/glyphicons-halflings-regular-4.html]
[rn53themes.net/themes/demo/travelz/admin/fonts/glyphicons-halflings-regular-5.html]
[rn53themes.net/themes/demo/travelz/admin/setting.html]
[rn53themes.net/themes/demo/travelz/admin/hotel-edit.html]
[rn53themes.net/themes/demo/travelz/admin/hotel-all.html]
[rn53themes.net/themes/demo/travelz/admin/package-edit.html]
[rn53themes.net/themes/demo/travelz/admin/package-all.html]
[rn53themes.net/themes/demo/travelz/admin/event-edit.html]
[rn53themes.net/themes/demo/travelz/admin/event-all.html]
[rn53themes.net/themes/demo/travelz/admin/offers-edit.html]
[rn53themes.net/themes/demo/travelz/admin/offers.html]
[rn53themes.net/themes/demo/travelz/admin/user-add.html]
[rn53themes.net/themes/demo/travelz/admin/user-edit.html]
[rn53themes.net/themes/demo/travelz/admin/user-view.html]
[rn53themes.net/themes/demo/travelz/admin/user-all.html]
[rn53themes.net/themes/demo/travelz/admin/package-add.html]
[rn53themes.net/themes/demo/travelz/admin/package-cat-edit.html]
[rn53themes.net/themes/demo/travelz/admin/package-cat-all.html]
[rn53themes.net/themes/demo/travelz/admin/package-cat-add.html]
[rn53themes.net/themes/demo/travelz/admin/hotel-add.html]
[rn53themes.net/themes/demo/travelz/admin/hotel-room-type-edit.html]
[rn53themes.net/themes/demo/travelz/admin/hotel-room-type-all.html]
[rn53themes.net/themes/demo/travelz/admin/hotel-room-type-add.html]
[rn53themes.net/themes/demo/travelz/admin/listing-edit.170.delayed]
[rn53themes.net/themes/demo/travelz/admin/sight-see-all.html]
[rn53themes.net/themes/demo/travelz/admin/sight-see-add.html]
[rn53themes.net/themes/demo/travelz/admin/event-add.html]
[rn53themes.net/themes/demo/travelz/admin/ui-form.html]
[rn53themes.net/themes/demo/travelz/admin/ui-kit.html]
[rn53themes.net/themes/demo/travelz/admin/ui-table.html]
[rn53themes.net/themes/demo/travelz/admin/ui-pre-load.html]
[rn53themes.net/themes/demo/travelz/admin/ui-tab.html]
[rn53themes.net/themes/demo/travelz/admin/ui-icons.html]
[rn53themes.net/themes/demo/travelz/admin/ui-collapsible.html]
[rn53themes.net/themes/demo/travelz/admin/discount-edit.html]
[rn53themes.net/themes/demo/travelz/admin/discount.html]
[rn53themes.net/themes/demo/travelz/admin/discount-add.html]
[rn53themes.net/themes/demo/travelz/admin/offers-add.html]
[rn53themes.net/themes/demo/travelz/admin/hotel-booking-all.html]
[rn53themes.net/themes/demo/travelz/admin/package-booking-all.html]
[rn53themes.net/themes/demo/travelz/admin/sight-see-booking-all.html]
[rn53themes.net/themes/demo/travelz/admin/event-booking-all.html]
[rn53themes.net/themes/demo/travelz/admin/blog-edit.html]
[rn53themes.net/themes/demo/travelz/admin/blog-all.html]
[rn53themes.net/themes/demo/travelz/admin/blog-add.html]
[rn53themes.net/themes/demo/travelz/admin/social-media.html]
[rn53themes.net/themes/demo/travelz/register.html]
[rn53themes.net/themes/demo/travelz/contact.html]
[rn53themes.net/themes/demo/travelz/admin/hotel-edit.html]
[rn53themes.net/themes/demo/travelz/admin/package-edit.html]
[rn53themes.net/themes/demo/travelz/admin/event-edit.html]
[rn53themes.net/themes/demo/travelz/admin/offers-edit.html]
[rn53themes.net/themes/demo/travelz/admin/user-edit.html]
[rn53themes.net/themes/demo/travelz/admin/user-view.html]
[rn53themes.net/themes/demo/travelz/admin/package-cat-edit.html]
[rn53themes.net/themes/demo/travelz/admin/hotel-room-type-edit.html]
[rn53themes.net/themes/demo/travelz/admin/listing-edit.html]
[rn53themes.net/themes/demo/travelz/admin/discount-edit.html]
[rn53themes.net/themes/demo/travelz/admin/blog-edit.html]
